// Jest Snapshot v1, https://goo.gl/fbAQLP

exports[`SideBar renders correctly 1`] = `
<DocumentFragment>
  <div
    class="sidebar"
  >
    <form
      class="sidebar-search"
    >
      <input
        type="text"
      />
      <button
        type="submit"
      >
        <svg
          aria-hidden="true"
          class="svg-inline--fa fa-magnifying-glass "
          data-icon="magnifying-glass"
          data-prefix="fas"
          focusable="false"
          role="img"
          viewBox="0 0 512 512"
          xmlns="http://www.w3.org/2000/svg"
        >
          <path
            d="M416 208c0 45.9-14.9 88.3-40 122.7L502.6 457.4c12.5 12.5 12.5 32.8 0 45.3s-32.8 12.5-45.3 0L330.7 376c-34.4 25.2-76.8 40-122.7 40C93.1 416 0 322.9 0 208S93.1 0 208 0S416 93.1 416 208zM208 352a144 144 0 1 0 0-288 144 144 0 1 0 0 288z"
            fill="currentColor"
          />
        </svg>
      </button>
    </form>
    <h3
      class="sidebar-heading"
    >
      Filter By City
    </h3>
    <ul
      class="sidebar-links"
    >
      <li
        class="sidebar-links-item"
      >
        <a
          href="/?query={\\"city\\":\\"Manchester\\"}"
        >
          Manchester
        </a>
      </li>
      <li
        class="sidebar-links-item"
      >
        <a
          href="/?query={\\"city\\":\\"Leeds\\"}"
        >
          Leeds
        </a>
      </li>
      <li
        class="sidebar-links-item"
      >
        <a
          href="/?query={\\"city\\":\\"Oxford\\"}"
        >
          Oxford
        </a>
      </li>
      <li
        class="sidebar-links-item"
      >
        <a
          href="/?query={\\"city\\":\\"Birmingham\\"}"
        >
          Birmingham
        </a>
      </li>
      <li
        class="sidebar-links-item clear-filter"
      >
        <a
          href="/"
        >
          Clear Filter
        </a>
      </li>
    </ul>
    <h3
      class="sidebar-heading"
    >
      Sort By
    </h3>
    <ul
      class="sidebar-links"
    >
      <li
        class="sidebar-links-item"
      >
        <a
          href="/?sort={\\"price\\":1}"
        >
          Price Ascending
        </a>
      </li>
      <li
        class="sidebar-links-item"
      >
        <a
          href="/?sort={\\"price\\":-1}"
        >
          Price Descending
        </a>
      </li>
      <li
        class="sidebar-links-item clear-filter"
      >
        <a
          href="/"
        >
          Clear Sort
        </a>
      </li>
    </ul>
  </div>
</DocumentFragment>
`;
